<html>
<body>
<pre>
<h1>µVision Build Log</h1>
<h2>Tool Versions:</h2>
IDE-Version: µVision V5.39.0.0
Copyright (C) 2023 ARM Ltd and ARM Germany GmbH. All rights reserved.
License Information: Chiang CSIE, NDHU, LIC=----
 
Tool Versions:
Toolchain:       MDK-Lite  Version: 5.39.0.0
Toolchain Path:  C:\Keil_v5\ARM\ARM_Compiler_5.06u7\Bin
C Compiler:      Armcc.exe V5.06 update 7 (build 960)
Assembler:       Armasm.exe V5.06 update 7 (build 960)
Linker/Locator:  ArmLink.exe V5.06 update 7 (build 960)
Library Manager: ArmAr.exe V5.06 update 7 (build 960)
Hex Converter:   FromElf.exe V5.06 update 7 (build 960)
CPU DLL:         SARMCM3.DLL V5.39.0.0
Dialog DLL:      DARMCM1.DLL V1.19.6.0
    Target DLL: Nu_Link.dll
Dialog DLL:      TARMCM1.DLL V1.14.6.0
 
<h2>Project:</h2>
C:\Users\CSIE\Desktop\Embedded-System\SampleCode\Nu-LB-NUC140\Lab 03\KEIL\Nu-LB-NUC140_LCD.uvprojx
Project File Date:  06/06/2024

<h2>Output:</h2>
*** Using Compiler 'V5.06 update 7 (build 960)', folder: 'C:\Keil_v5\ARM\ARM_Compiler_5.06u7\Bin'
Build target 'LCD'
creating preprocessor file for system_NUC100Series.c...
creating preprocessor file for clk.c...
creating preprocessor file for uart.c...
creating preprocessor file for spi.c...
creating preprocessor file for gpio.c...
creating preprocessor file for retarget.c...
creating preprocessor file for main.c...
creating preprocessor file for SYS_init.c...
creating preprocessor file for Scankey.c...
creating preprocessor file for LCD.c...
creating preprocessor file for Seven_Segment.c...
compiling main.c...
linking...
Program Size: Code=5404 RO-data=344 RW-data=4120 ZI-data=2048  
After Build - User command #1: fromelf --bin ".\obj\LCD_Keypad.axf" --output ".\obj\LCD_Keypad.bin"
After Build - User command #2: fromelf --text -c ".\obj\LCD_Keypad.axf" --output ".\obj\LCD_Keypad.txt"
".\obj\LCD_Keypad.axf" - 0 Error(s), 0 Warning(s).

<h2>Software Packages used:</h2>

Package Vendor: ARM
                http://www.keil.com/pack/ARM.CMSIS.5.9.0.pack
                ARM::CMSIS@5.9.0
                CMSIS (Common Microcontroller Software Interface Standard)
   * Component: CORE Version: 5.6.0

Package Vendor: Nuvoton
                https://github.com/OpenNuvoton/cmsis-packs/raw/master/Nuvoton_DFP/Nuvoton.NuMicro_DFP.1.3.23.pack
                Nuvoton::NuMicro_DFP@1.3.23
                Nuvoton ARM Cortex-M NuMicro Family Device Support

<h2>Collection of Component include folders:</h2>
  ./RTE/_LCD
  C:/Users/CSIE/AppData/Local/Arm/Packs/ARM/CMSIS/5.9.0/CMSIS/Core/Include
  C:/Users/CSIE/AppData/Local/Arm/Packs/Nuvoton/NuMicro_DFP/1.3.23/Device/NUC100/Include

<h2>Collection of Component Files used:</h2>

   * Component: ARM::CMSIS:CORE@5.6.0
Build Time Elapsed:  00:00:01
</pre>
</body>
</html>
